../Src/ex7_spiArduinoINT.c:28:5:main	8	static
../Src/ex7_spiArduinoINT.c:44:6:SpiInterfaceConf	8	static
../Src/ex7_spiArduinoINT.c:63:6:EXTI0_IRQHandler	8	static
../Src/ex7_spiArduinoINT.c:73:6:SPI2_IRQHandler	8	static
../Src/ex7_spiArduinoINT.c:77:6:SPI_ApplicationCallback	16	static
../Src/ex7_spiArduinoINT.c:92:9:ParseData	24	static
../Src/ex7_spiArduinoINT.c:116:6:SpiPinConf	24	static
../Src/ex7_spiArduinoINT.c:146:6:ButtonPinConf	24	static
../Src/ex7_spiArduinoINT.c:165:6:LEDPinConf	24	static
